zero@zero:~$ ls -l
total 36
drwxrwxr-x 6 zero zero 4096 Nov  1 16:11 anu
drwxr-xr-x 2 zero zero 4096 Oct 31 10:13 Desktop
drwxr-xr-x 2 zero zero 4096 Oct 31 10:13 Documents
drwxr-xr-x 2 zero zero 4096 Oct 31 10:13 Downloads
drwxr-xr-x 2 zero zero 4096 Oct 31 10:13 Music
drwxr-xr-x 2 zero zero 4096 Oct 31 10:13 Pictures
drwxr-xr-x 2 zero zero 4096 Oct 31 10:13 Public
drwxr-xr-x 2 zero zero 4096 Oct 31 10:13 Templates
drwxr-xr-x 2 zero zero 4096 Oct 31 10:13 Videos
zero@zero:~$ cd anu/
zero@zero:~/anu$ ls -l
total 52
-rw-rw-r-- 1 zero zero 26451 Nov  1 16:11 anu.log
-rwxrwxr-x 1 zero zero   115 Nov  1 16:04 backup.sh
drwxrwxr-x 2 zero zero  4096 Nov  1 16:04 config
-rwxrwxr-x 1 zero zero  3740 Nov  1 16:04 install.sh
-rw-rw-r-- 1 zero zero  3465 Nov  1 16:04 README.md
drwxrwxr-x 2 zero zero  4096 Nov  1 16:04 resources
-rwxrwxr-x 1 zero zero   812 Nov  1 16:04 uninstall.sh
zero@zero:~/anu$ more anu.log 
Anubar installer
Start default upgrade

WARNING: apt does not have a stable CLI interface. Use with caution in scripts.

Hit:1 https://brave-browser-apt-release.s3.brave.com stable InRelease
Hit:2 http://deb.debian.org/debian trixie InRelease
Hit:3 http://deb.debian.org/debian trixie-updates InRelease
Hit:4 http://security.debian.org/debian-security trixie-security InRelease
Hit:5 https://download.vscodium.com/debs vscodium InRelease
Reading package lists...
Building dependency tree...
Reading state information...
All packages are up to date.

WARNING: apt does not have a stable CLI interface. Use with caution in scripts.

Reading package lists...
Building dependency tree...
Reading state information...
Calculating upgrade...
Summary:
  Upgrading: 0, Installing: 0, Removing: 0, Not Upgrading: 0

Start default upgrade

WARNING: apt does not have a stable CLI interface. Use with caution in scripts.

Reading package lists...
Building dependency tree...
Reading state information...
curl is already the newest version (8.14.1-2).
wget is already the newest version (1.25.0-2).
git is already the newest version (1:2.47.3-0+deb13u1).
Summary:
  Upgrading: 0, Installing: 0, Removing: 0, Not Upgrading: 0

WARNING: apt does not have a stable CLI interface. Use with caution in scripts.

Reading package lists...
Building dependency tree...
Reading state information...
gnome-browser-connector is already the newest version (42.1-6).
Summary:
  Upgrading: 0, Installing: 0, Removing: 0, Not Upgrading: 0

WARNING: apt does not have a stable CLI interface. Use with caution in scripts.

Reading package lists...
Building dependency tree...
Reading state information...
gnome-browser-connector is already the newest version (42.1-6).
Summary:
  Upgrading: 0, Installing: 0, Removing: 0, Not Upgrading: 0

Install needed dependencies
4+1 records in
4+1 records out
2256 bytes (2.3 kB, 2.2 KiB) copied, 0.162543 s, 13.9 kB/s
deb [arch=amd64,arm64 signed-by=/usr/share/keyrings/vscodium-archive-keyring.gpg
] https://download.vscodium.com/debs vscodium main

WARNING: apt does not have a stable CLI interface. Use with caution in scripts.

Hit:1 https://brave-browser-apt-release.s3.brave.com stable InRelease
Hit:2 https://download.vscodium.com/debs vscodium InRelease
Hit:3 http://deb.debian.org/debian trixie InRelease
Hit:4 http://security.debian.org/debian-security trixie-security InRelease
Hit:5 http://deb.debian.org/debian trixie-updates InRelease
Reading package lists...
Building dependency tree...
Reading state information...
All packages are up to date.

WARNING: apt does not have a stable CLI interface. Use with caution in scripts.

Reading package lists...
Building dependency tree...
Reading state information...
codium is already the newest version (1.105.17075).
Summary:
  Upgrading: 0, Installing: 0, Removing: 0, Not Upgrading: 0

Install other tools

  Configuration
> Bin directory: /usr/local/bin
> Platform:      unknown-linux-musl
> Arch:          x86_64

> Tarball URL: https://github.com/starship/starship/releases/l
atest/download/starship-x86_64-unknown-linux-musl.tar.gz
? Install Starship latest to /usr/local/bin? [y/N]
 ! Escalated permissions are required to install to /usr/local/bin
> Installing Starship as root, please wait\u2026
\u2713 Starship latest installed

> Please follow the steps for your shell to complete the installation
:
  bash
  Add the following to the end of ~/.bashrc:

	eval "$(starship init bash)"

  zsh
  Add the following to the end of ~/.zshrc:

	eval "$(starship init zsh)"

  ion
  Add the following to the end of ~/.config/ion/initrc:

	eval $(starship init ion)

  tcsh
  Add the following to the end of ~/.tcshrc:

	eval `starship init tcsh`

  xonsh
  Add the following to the end of ~/.xonshrc:

	execx($(starship init xonsh))

  fish
  Add the following to the end of ~/.config/fish/config.fish:

	starship init fish | source

  elvish
  Warning Only elvish v0.17 or higher is supported.
  And add the following to the end of ~/.config/elvish/rc.elv:

	eval (starship init elvish)

  nushell
  Warning This will change in the future.
  Only Nushell v0.96 or higher is supported.
  And add the following to the end of your nu config file (find it by run
ning $nu.config-path in Nushell):

	mkdir ($nu.data-dir | path join "vendor/autoload")
        starship init nu | save -f ($nu.data-dir | path join "vendor/autoload/st
arship.nu")

  PowerShell
  Add the following to the end of Microsoft.PowerShell_profile.ps1:
  You can check the location of this file by querying the $PROFILE variable in P
owerShell.
  Typically the path is ~\Documents\PowerShell\Microsoft.PowerShell_profile.ps1 
or ~/.config/powershell/Microsoft.PowerShell_profile.ps1 on -Nix.

	Invoke-Expression (&starship init powershell)

  Cmd
  You need to use Clink (v1.2.30+) with Cmd. Add the following to a file star
ship.lua and place this file in Clink scripts directory:

	load(io.popen('starship init cmd'):read("*a"))()


Installing Brave Browser (release)
+ curl -fsS https://brave-browser-apt-release.s3.brave.com/brave-browser-archive
-keyring.gpg
+ sudo install -DTm644 /dev/stdin /usr/share/keyrings/brave-browser-archive-keyr
ing.gpg
+ curl -fsS https://brave-browser-apt-release.s3.brave.com/brave-browser.sources
+ sudo install -DTm644 /dev/stdin /etc/apt/sources.list.d/brave-browser-release.
sources
+ sudo rm -f /etc/apt/sources.list.d/brave-browser-*.list
+ sudo apt-get update
Hit:1 https://brave-browser-apt-release.s3.brave.com stable InRelease
Hit:2 https://download.vscodium.com/debs vscodium InRelease
Hit:3 http://deb.debian.org/debian trixie InRelease
Hit:4 http://security.debian.org/debian-security trixie-security InRelease
Hit:5 http://deb.debian.org/debian trixie-updates InRelease
Reading package lists...
+ sudo apt-get install -y brave-browser
Reading package lists...
Building dependency tree...
Reading state information...
brave-browser is already the newest version (1.84.132).
0 upgraded, 0 newly installed, 0 to remove and 0 not upgraded.
Installation complete! Start Brave by typing: brave-browser

Install codium depedencies
Installing extensions...
Extension 'akamud.vscode-theme-onelight' v2.3.0 is already installed. Use '--for
ce' option to update to latest version or provide '@<version>' to install a spec
ific version, for example: 'akamud.vscode-theme-onelight@1.2.3'.
Installing extensions...
Extension 'catppuccin.catppuccin-vsc' v3.18.1 is already installed. Use '--force
' option to update to latest version or provide '@<version>' to install a specif
ic version, for example: 'catppuccin.catppuccin-vsc@1.2.3'.
Installing extensions...
Extension 'catppuccin.catppuccin-vsc-icons' v1.26.0 is already installed. Use '-
-force' option to update to latest version or provide '@<version>' to install a 
specific version, for example: 'catppuccin.catppuccin-vsc-icons@1.2.3'.
Installing extensions...
Extension 'vadimcn.vscode-lldb' v1.11.8 is already installed. Use '--force' opti
on to update to latest version or provide '@<version>' to install a specific ver
sion, for example: 'vadimcn.vscode-lldb@1.2.3'.
Installing extensions...
Extension 'ms-azuretools.vscode-containers' v2.2.0 is already installed. Use '--
force' option to update to latest version or provide '@<version>' to install a s
pecific version, for example: 'ms-azuretools.vscode-containers@1.2.3'.
Installing extensions...
Extension 'ms-azuretools.vscode-docker' v2.0.0 is already installed. Use '--forc
e' option to update to latest version or provide '@<version>' to install a speci
fic version, for example: 'ms-azuretools.vscode-docker@1.2.3'.
Installing extensions...
Extension 'golang.go' v0.50.0 is already installed. Use '--force' option to upda
te to latest version or provide '@<version>' to install a specific version, for 
example: 'golang.go@1.2.3'.
Installing extensions...
Extension 'ziglang.vscode-zig' v0.6.14 is already installed. Use '--force' optio
n to update to latest version or provide '@<version>' to install a specific vers
ion, for example: 'ziglang.vscode-zig@1.2.3'.
Installing extensions...
Extension 'dreamcatcher45.podmanager' v3.0.6 is already installed. Use '--force'
 option to update to latest version or provide '@<version>' to install a specifi
c version, for example: 'dreamcatcher45.podmanager@1.2.3'.
Installing extensions...
Extension 'cweijan.vscode-redis-client' v1.2.5 is already installed. Use '--forc
e' option to update to latest version or provide '@<version>' to install a speci
fic version, for example: 'cweijan.vscode-redis-client@1.2.3'.
Installing extensions...
Extension 'mtxr.sqltools' v0.28.5 is already installed. Use '--force' option to 
update to latest version or provide '@<version>' to install a specific version, 
for example: 'mtxr.sqltools@1.2.3'.
Installing extensions...
Extension 'vscode-icons-team.vscode-icons' v12.15.0 is already installed. Use '-
-force' option to update to latest version or provide '@<version>' to install a 
specific version, for example: 'vscode-icons-team.vscode-icons@1.2.3'.
Installing extensions...
Extension 'antfu.icons-carbon' v0.2.8 is already installed. Use '--force' option
 to update to latest version or provide '@<version>' to install a specific versi
on, for example: 'antfu.icons-carbon@1.2.3'.
Installing extensions...
Extension 'alexdauenhauer.catppuccin-noctis-icons' v0.3.0 is already installed. 
Use '--force' option to update to latest version or provide '@<version>' to inst
all a specific version, for example: 'alexdauenhauer.catppuccin-noctis-icons@1.2
.3'.
Installing extensions...
Extension 'donjayamanne.githistory' v0.6.20 is already installed. Use '--force' 
option to update to latest version or provide '@<version>' to install a specific
 version, for example: 'donjayamanne.githistory@1.2.3'.
Installing extensions...
Extension 'shd101wyy.markdown-preview-enhanced' v0.8.19 is already installed. Us
e '--force' option to update to latest version or provide '@<version>' to instal
l a specific version, for example: 'shd101wyy.markdown-preview-enhanced@1.2.3'.
Installing extensions...
Extension 'esbenp.prettier-vscode' v11.0.0 is already installed. Use '--force' o
ption to update to latest version or provide '@<version>' to install a specific 
version, for example: 'esbenp.prettier-vscode@1.2.3'.

Download necessary gnome-extensions
--2025-11-01 16:11:06--  https://extensions.gnome.org/extension-data/openbarneur
omorph.v35.shell-extension.zip
Resolving extensions.gnome.org (extensions.gnome.org)... 3.218.216.9, 44.213.146
.39
Connecting to extensions.gnome.org (extensions.gnome.org)|3.218.216.9|:443... co
nnected.
HTTP request sent, awaiting response... 200 OK
Length: 117620 (115K) [application/zip]
Saving to: \u2018openbarneuromorph.v35.shell-extension.zip\u2019

     0K .......... .......... .......... .......... .......... 43%  113K 1s
    50K .......... .......... .......... .......... .......... 87%  229K 0s
   100K .......... ....                                       100%  180M=0.7s

2025-11-01 16:11:08 (174 KB/s) - \u2018openbarneuromorph.v35.shell-extension.zip\u2019 sav
ed [117620/117620]

--2025-11-01 16:11:08--  https://extensions.gnome.org/extension-data/tilingshell
ferrarodomenico.com.v12.shell-extension.zip
Resolving extensions.gnome.org (extensions.gnome.org)... 3.218.216.9, 44.213.146
.39
Connecting to extensions.gnome.org (extensions.gnome.org)|3.218.216.9|:443... co
nnected.
HTTP request sent, awaiting response... 200 OK
Length: 40038 (39K) [application/zip]
Saving to: \u2018tilingshellferrarodomenico.com.v12.shell-extension.zip\u2019

     0K .......... .......... .......... .........            100% 4.93M=0.008s

2025-11-01 16:11:09 (4.93 MB/s) - \u2018tilingshellferrarodomenico.com.v12.shell-exte
nsion.zip\u2019 saved [40038/40038]

--2025-11-01 16:11:09--  https://extensions.gnome.org/extension-data/VitalsCoreC
oding.com.v68.shell-extension.zip
Resolving extensions.gnome.org (extensions.gnome.org)... 44.213.146.39, 3.218.21
6.9
Connecting to extensions.gnome.org (extensions.gnome.org)|44.213.146.39|:443... 
connected.
HTTP request sent, awaiting response... 200 OK
Length: 132588 (129K) [application/zip]
Saving to: \u2018VitalsCoreCoding.com.v68.shell-extension.zip\u2019

     0K .......... .......... .......... .......... .......... 38%  225K 0s
    50K .......... .......... .......... .......... .......... 77%  115K 0s
   100K .......... .......... .........                       100%  135K=0.9s

2025-11-01 16:11:11 (148 KB/s) - \u2018VitalsCoreCoding.com.v68.shell-extension.zip\u2019 
saved [132588/132588]

--2025-11-01 16:11:11--  https://extensions.gnome.org/extension-data/appindicato
rsupportrgcjonas.gmail.com.v58.shell-extension.zip
Resolving extensions.gnome.org (extensions.gnome.org)... 3.218.216.9, 44.213.146
.39
Connecting to extensions.gnome.org (extensions.gnome.org)|3.218.216.9|:443... co
nnected.
HTTP request sent, awaiting response... 200 OK
Length: 83620 (82K) [application/zip]
Saving to: \u2018appindicatorsupportrgcjonas.gmail.com.v58.shell-extension.zip\u2019

     0K .......... .......... .......... .......... .......... 61%  120K 0s
    50K .......... .......... .......... .                    100% 12.5M=0.4s

2025-11-01 16:11:12 (194 KB/s) - \u2018appindicatorsupportrgcjonas.gmail.com.v58.shel
l-extension.zip\u2019 saved [83620/83620]

Download necessary gnome apps
--2025-11-01 16:11:12--  https://github.com/Ulauncher/Ulauncher/releases/downloa
d/5.15.7/ulauncher_5.15.7_all.deb
Resolving github.com (github.com)... 20.207.73.82
Connecting to github.com (github.com)|20.207.73.82|:443... connected.
HTTP request sent, awaiting response... 302 Found
Location: https://release-assets.githubusercontent.com/github-production-release
-asset/35363625/e0b61170-98ee-4841-a39b-feb8d164bba0?sp=r&sv=2018-11-09&sr=b&spr
=https&se=2025-11-01T11%3A15%3A37Z&rscd=attachment%3B+filename%3Dulauncher_5.15.
7_all.deb&rsct=application%2Foctet-stream&skoid=96c2d410-5711-43a1-aedd-ab1947aa
7ab0&sktid=398a6654-997b-47e9-b12b-9515b896b4de&skt=2025-11-01T10%3A14%3A38Z&ske
=2025-11-01T11%3A15%3A37Z&sks=b&skv=2018-11-09&sig=y8zGgpU0Ti6zTnviboCKeMgtIKB5h
Vxwy9Neft3xTdA%3D&jwt=eyJ0eXAiOiJKV1QiLCJhbGciOiJIUzI1NiJ9.eyJpc3MiOiJnaXRodWIuY
29tIiwiYXVkIjoicmVsZWFzZS1hc3NldHMuZ2l0aHVidXNlcmNvbnRlbnQuY29tIiwia2V5Ijoia2V5M
SIsImV4cCI6MTc2MTk5Mzk3MywibmJmIjoxNzYxOTkzNjczLCJwYXRoIjoicmVsZWFzZWFzc2V0cHJvZ
HVjdGlvbi5ibG9iLmNvcmUud2luZG93cy5uZXQifQ.6CID9HfMbJ3faHf8cMo-ZuHNGit1ZYFCvb1LpN
1OYjE&response-content-disposition=attachment%3B%20filename%3Dulauncher_5.15.7_a
ll.deb&response-content-type=application%2Foctet-stream [following]
--2025-11-01 16:11:13--  https://release-assets.githubusercontent.com/github-pro
duction-release-asset/35363625/e0b61170-98ee-4841-a39b-feb8d164bba0?sp=r&sv=2018
-11-09&sr=b&spr=https&se=2025-11-01T11%3A15%3A37Z&rscd=attachment%3B+filename%3D
ulauncher_5.15.7_all.deb&rsct=application%2Foctet-stream&skoid=96c2d410-5711-43a
1-aedd-ab1947aa7ab0&sktid=398a6654-997b-47e9-b12b-9515b896b4de&skt=2025-11-01T10
%3A14%3A38Z&ske=2025-11-01T11%3A15%3A37Z&sks=b&skv=2018-11-09&sig=y8zGgpU0Ti6zTn
viboCKeMgtIKB5hVxwy9Neft3xTdA%3D&jwt=eyJ0eXAiOiJKV1QiLCJhbGciOiJIUzI1NiJ9.eyJpc3
MiOiJnaXRodWIuY29tIiwiYXVkIjoicmVsZWFzZS1hc3NldHMuZ2l0aHVidXNlcmNvbnRlbnQuY29tIi
wia2V5Ijoia2V5MSIsImV4cCI6MTc2MTk5Mzk3MywibmJmIjoxNzYxOTkzNjczLCJwYXRoIjoicmVsZW
FzZWFzc2V0cHJvZHVjdGlvbi5ibG9iLmNvcmUud2luZG93cy5uZXQifQ.6CID9HfMbJ3faHf8cMo-ZuH
NGit1ZYFCvb1LpN1OYjE&response-content-disposition=attachment%3B%20filename%3Dula
uncher_5.15.7_all.deb&response-content-type=application%2Foctet-stream
Resolving release-assets.githubusercontent.com (release-assets.githubusercontent
.com)... 185.199.108.133, 185.199.110.133, 185.199.111.133, ...
Connecting to release-assets.githubusercontent.com (release-assets.githubusercon
tent.com)|185.199.108.133|:443... connected.
HTTP request sent, awaiting response... 200 OK
Length: 1938748 (1.8M) [application/octet-stream]
Saving to: \u2018ulauncher_5.15.7_all.deb\u2019

     0K .......... .......... .......... .......... ..........  2% 3.15M 1s
    50K .......... .......... .......... .......... ..........  5% 5.14M 0s
   100K .......... .......... .......... .......... ..........  7% 21.1M 0s
   150K .......... .......... .......... .......... .......... 10% 7.55M 0s
   200K .......... .......... .......... .......... .......... 13% 23.5M 0s
   250K .......... .......... .......... .......... .......... 15% 39.3M 0s
   300K .......... .......... .......... .......... .......... 18% 16.8M 0s
   350K .......... .......... .......... .......... .......... 21%  252M 0s
   400K .......... .......... .......... .......... .......... 23% 18.3M 0s
   450K .......... .......... .......... .......... .......... 26% 12.3M 0s
   500K .......... .......... .......... .......... .......... 29% 25.7M 0s
   550K .......... .......... .......... .......... .......... 31%  449M 0s
   600K .......... .......... .......... .......... .......... 34%  557M 0s
   650K .......... .......... .......... .......... .......... 36% 30.0M 0s
   700K .......... .......... .......... .......... .......... 39% 33.7M 0s
   750K .......... .......... .......... .......... .......... 42% 92.8M 0s
   800K .......... .......... .......... .......... .......... 44%  413M 0s
   850K .......... .......... .......... .......... .......... 47%  377M 0s
   900K .......... .......... .......... .......... .......... 50% 11.7M 0s
   950K .......... .......... .......... .......... .......... 52%  502M 0s
  1000K .......... .......... .......... .......... .......... 55% 30.9M 0s
  1050K .......... .......... .......... .......... .......... 58%  438M 0s
  1100K .......... .......... .......... .......... .......... 60%  483M 0s
  1150K .......... .......... .......... .......... .......... 63%  523M 0s
  1200K .......... .......... .......... .......... .......... 66% 90.7M 0s
  1250K .......... .......... .......... .......... .......... 68% 37.6M 0s
  1300K .......... .......... .......... .......... .......... 71% 50.2M 0s
  1350K .......... .......... .......... .......... .......... 73% 52.6M 0s
  1400K .......... .......... .......... .......... .......... 76%  470M 0s
  1450K .......... .......... .......... .......... .......... 79%  388M 0s
  1500K .......... .......... .......... .......... .......... 81% 99.7M 0s
  1550K .......... .......... .......... .......... .......... 84% 66.5M 0s
  1600K .......... .......... .......... .......... .......... 87%  384M 0s
  1650K .......... .......... .......... .......... .......... 89% 77.7M 0s
  1700K .......... .......... .......... .......... .......... 92%  507M 0s
  1750K .......... .......... .......... .......... .......... 95% 82.2M 0s
  1800K .......... .......... .......... .......... .......... 97% 89.8M 0s
  1850K .......... .......... .......... .......... ...       100%  505M=0.07s

2025-11-01 16:11:13 (27.9 MB/s) - \u2018ulauncher_5.15.7_all.deb\u2019 saved [1938748/1938
748]


WARNING: apt does not have a stable CLI interface. Use with caution in scripts.

Reading package lists...
Building dependency tree...
Reading state information...
Installing:
  ulauncher

Installing dependencies:
  gir1.2-ayatanaappindicator3-0.1  libkeybinder-3.0-0   python3-pyinotify
  gir1.2-keybinder-3.0             python3-levenshtein  python3-rapidfuzz
  libayatana-appindicator3-1       python3-numpy        python3-websocket
  libayatana-ido3-0.4-0            python3-numpy-dev    wmctrl
  libayatana-indicator3-7          python3-pyasyncore

Suggested packages:
  gcc       python-numpy-doc  python3-pytest        python-rapidfuzz-doc
  gfortran  python3-dev       python-pyinotify-doc

Summary:
  Upgrading: 0, Installing: 15, Removing: 0, Not Upgrading: 0
  Download size: 7,559 kB / 9,498 kB
  Space needed: 49.5 MB / 2,965 MB available

Get:1 /home/zero/anu/ulauncher_5.15.7_all.deb ulauncher all 5.15.7 [1,939 kB]
Get:2 http://deb.debian.org/debian trixie/main amd64 python3-numpy-dev amd64 1:2
.2.4+ds-1 [139 kB]
Get:3 http://deb.debian.org/debian trixie/main amd64 python3-numpy amd64 1:2.2.4
+ds-1 [5,096 kB]
Get:4 http://deb.debian.org/debian trixie/main amd64 libayatana-ido3-0.4-0 amd64
 0.10.4-1 [56.0 kB]
Get:5 http://deb.debian.org/debian trixie/main amd64 libayatana-indicator3-7 amd
64 0.9.4-1+b1 [32.4 kB]
Get:6 http://deb.debian.org/debian trixie/main amd64 libayatana-appindicator3-1 
amd64 0.5.94-1 [25.2 kB]
Get:7 http://deb.debian.org/debian trixie/main amd64 gir1.2-ayatanaappindicator3
-0.1 amd64 0.5.94-1 [10.2 kB]
Get:8 http://deb.debian.org/debian trixie/main amd64 libkeybinder-3.0-0 amd64 0.
3.2-1.1+b3 [9,176 B]
Get:9 http://deb.debian.org/debian trixie/main amd64 gir1.2-keybinder-3.0 amd64 
0.3.2-1.1+b3 [4,104 B]
Get:10 http://deb.debian.org/debian trixie/main amd64 python3-rapidfuzz amd64 3.
12.2+ds-1 [1,962 kB]
Get:11 http://deb.debian.org/debian trixie/main amd64 python3-levenshtein amd64 
0.27.1-2 [123 kB]
Get:12 http://deb.debian.org/debian trixie/main amd64 python3-pyasyncore all 1.0
.2-3 [10.1 kB]
Get:13 http://deb.debian.org/debian trixie/main amd64 python3-pyinotify all 0.9.
6-5 [24.9 kB]
Get:14 http://deb.debian.org/debian trixie/main amd64 python3-websocket all 1.8.
0-2 [45.5 kB]
Get:15 http://deb.debian.org/debian trixie/main amd64 wmctrl amd64 1.07+git20240
228.1105759-1 [22.7 kB]
Fetched 7,559 kB in 1s (13.4 MB/s)
Selecting previously unselected package python3-numpy-dev:amd64.
(Reading database ... 

Preparing to unpack .../00-python3-numpy-dev_1%3a2.2.4+ds-1_amd64.deb ...
Unpacking python3-numpy-dev:amd64 (1:2.2.4+ds-1) ...
Selecting previously unselected package python3-numpy.
Preparing to unpack .../01-python3-numpy_1%3a2.2.4+ds-1_amd64.deb ...
Unpacking python3-numpy (1:2.2.4+ds-1) ...
Selecting previously unselected package libayatana-ido3-0.4-0:amd64.
Preparing to unpack .../02-libayatana-ido3-0.4-0_0.10.4-1_amd64.deb ...
Unpacking libayatana-ido3-0.4-0:amd64 (0.10.4-1) ...
Selecting previously unselected package libayatana-indicator3-7:amd64.
Preparing to unpack .../03-libayatana-indicator3-7_0.9.4-1+b1_amd64.deb ...
Unpacking libayatana-indicator3-7:amd64 (0.9.4-1+b1) ...
Selecting previously unselected package libayatana-appindicator3-1.
Preparing to unpack .../04-libayatana-appindicator3-1_0.5.94-1_amd64.deb ...
Unpacking libayatana-appindicator3-1 (0.5.94-1) ...
Selecting previously unselected package gir1.2-ayatanaappindicator3-0.1.
Preparing to unpack .../05-gir1.2-ayatanaappindicator3-0.1_0.5.94-1_amd64.deb ..
.
Unpacking gir1.2-ayatanaappindicator3-0.1 (0.5.94-1) ...
Selecting previously unselected package libkeybinder-3.0-0:amd64.
Preparing to unpack .../06-libkeybinder-3.0-0_0.3.2-1.1+b3_amd64.deb ...
Unpacking libkeybinder-3.0-0:amd64 (0.3.2-1.1+b3) ...
Selecting previously unselected package gir1.2-keybinder-3.0.
Preparing to unpack .../07-gir1.2-keybinder-3.0_0.3.2-1.1+b3_amd64.deb ...
Unpacking gir1.2-keybinder-3.0 (0.3.2-1.1+b3) ...
Selecting previously unselected package python3-rapidfuzz.
Preparing to unpack .../08-python3-rapidfuzz_3.12.2+ds-1_amd64.deb ...
Unpacking python3-rapidfuzz (3.12.2+ds-1) ...
Selecting previously unselected package python3-levenshtein.
Preparing to unpack .../09-python3-levenshtein_0.27.1-2_amd64.deb ...
Unpacking python3-levenshtein (0.27.1-2) ...
Selecting previously unselected package python3-pyasyncore.
Preparing to unpack .../10-python3-pyasyncore_1.0.2-3_all.deb ...
Unpacking python3-pyasyncore (1.0.2-3) ...
Selecting previously unselected package python3-pyinotify.
Preparing to unpack .../11-python3-pyinotify_0.9.6-5_all.deb ...
Unpacking python3-pyinotify (0.9.6-5) ...
Selecting previously unselected package python3-websocket.
Preparing to unpack .../12-python3-websocket_1.8.0-2_all.deb ...
Unpacking python3-websocket (1.8.0-2) ...
Selecting previously unselected package wmctrl.
Preparing to unpack .../13-wmctrl_1.07+git20240228.1105759-1_amd64.deb ...
Unpacking wmctrl (1.07+git20240228.1105759-1) ...
Selecting previously unselected package ulauncher.
Preparing to unpack .../14-ulauncher_5.15.7_all.deb ...
Unpacking ulauncher (5.15.7) ...
Setting up python3-rapidfuzz (3.12.2+ds-1) ...
Setting up libkeybinder-3.0-0:amd64 (0.3.2-1.1+b3) ...
Setting up gir1.2-keybinder-3.0 (0.3.2-1.1+b3) ...
Setting up libayatana-ido3-0.4-0:amd64 (0.10.4-1) ...
Setting up wmctrl (1.07+git20240228.1105759-1) ...
Setting up python3-numpy-dev:amd64 (1:2.2.4+ds-1) ...
Setting up python3-numpy (1:2.2.4+ds-1) ...
Setting up python3-levenshtein (0.27.1-2) ...
Setting up python3-pyasyncore (1.0.2-3) ...
Setting up libayatana-indicator3-7:amd64 (0.9.4-1+b1) ...
Setting up python3-websocket (1.8.0-2) ...
Setting up python3-pyinotify (0.9.6-5) ...
Setting up libayatana-appindicator3-1 (0.5.94-1) ...
Setting up ulauncher (5.15.7) ...
Setting up gir1.2-ayatanaappindicator3-0.1 (0.5.94-1) ...
Processing triggers for hicolor-icon-theme (0.18-2) ...
Processing triggers for gnome-menus (3.36.0-3) ...
Processing triggers for libc-bin (2.41-12) ...
Processing triggers for man-db (2.13.1-1) ...
Processing triggers for mailcap (3.74) ...
Processing triggers for desktop-file-utils (0.28-1) ...
cp: cannot create regular file '/home/zero/.config/autostart/': Not a directory

- e Load adwaita blue theme
Cloning into 'adwaitaru'...
mkdir: cannot create directory \u2018.icons\u2019: File exists

Load gnome keyboard shortcuts and pre-settings

Remove downloaded dependencies

Clean up done
Anubar installation completed
